[14:19:03.083] [INFO] storybook v10.2.8
[14:19:04.854] [DEBUG] Getting package.json info for /home/json/morton-worktrees/main/packages/storybook/package.json...
[14:19:04.871] [INFO] Storybook collects completely anonymous usage telemetry. We use it to shape Storybook's roadmap and prioritize features. You can learn more, including how to opt out, at https://storybook.js.org/telemetry
[14:19:05.784] [INFO] Starting...
[14:19:05.969] [DEBUG] Starting preview..
[14:19:06.114] [DEBUG] Using tsconfig paths for react-docgen
[14:19:06.268] [ERROR] Failed to build the preview
[14:19:06.269] [ERROR] Error [ERR_MODULE_NOT_FOUND]: Cannot find package 'vite' imported from ./.storybook/main.ts
Did you mean to import "vite/dist/node/index.js"?
    at Object.getPackageJSONURL (node:internal/modules/package_json_reader:316:9)
    at packageResolve (node:internal/modules/esm/resolve:768:81)
    at moduleResolve (node:internal/modules/esm/resolve:858:18)
    at defaultResolve (node:internal/modules/esm/resolve:990:11)
    at nextResolve (node:internal/modules/esm/hooks:785:28)
    at o (file:///home/json/morton-worktrees/main/node_modules/.pnpm/@tailwindcss+node@4.1.18/node_modules/@tailwindcss/node/dist/esm-cache.loader.mjs:1:69)
    at nextResolve (node:internal/modules/esm/hooks:785:28)
    at AsyncLoaderHooksOnLoaderHookWorker.resolve (node:internal/modules/esm/hooks:271:30)
    at MessagePort.handleMessage (node:internal/modules/esm/worker:251:24)
    at [nodejs.internal.kHybridDispatch] (node:internal/event_target:845:20)
[14:19:06.270] [WARN] Broken build, fix the error above.
You may need to refresh the browser.